*****************************************************************
      SolidWorks 公司 - IGES 处理器状态报告
*****************************************************************
=================================================================
总信息
=================================================================
发送系统产品 I.D.  : myknob.sldprt
接收系统产品 I.D.  : myknob.sldprt
文件名称                    : C:\DATI\PROGETTI SOLID WORKS\KNOB\myknob.IGS
发送系统              : SolidWorks 2012
预处理器版本         : SolidWorks 2012
文件生成日期          : 120501.232809
模型生成日期         : 120501.232809
单位                        : MM
模型空间比例            : 1
作者                       : raybrushcrashwood
组织                 : 


=================================================================
实体处理信息
=================================================================


=================================================================
IGES 文件的精度分析：
=================================================================
  有效位数的最普遍的数:              10
  有效位数的最大数:                     12
  有效位数的平均数:                8.15336
  与原点的最大距离:                          1731.82
  与原点的最小距离:                                0
  有效位数的有效数:                   12


=================================================================
实体概要
=================================================================
-----------------------------------------------------------------
类型名称                                         记数转换
---- ----                                         ----- ---------
100  Arc                                            271       271
102  Composite curve                                198       198
110  Line                                           269       269
120  Surface of revolution                           26        26
124  Transformation matrix                          145       145
126  Rational B-spline curve                        851       851
128  Rational B-spline surface                       73        73
142  Curve on a parametric surface                   99        99
144  Trimmed parametric surface                      99        99
314  Color definition                                15        15
_________________________________________________________________


=================================================================
结果概要
=================================================================
SolidWorks 特征类型                记数
-----------------------                -----
实体特征                       1
曲面特征                     0
曲线/草图特征                0
--------------------------------------------
开始时间: 星期二, 九月 22, 2015 22:52:01
结束时间: 星期二, 九月 22, 2015 22:52:09
处理时间: 0 days, 00 hours, 00 mins, 08 secs
